// Jest Snapshot v1, https://goo.gl/fbAQLP

exports[`renders correctly 1`] = `
<div>
  <nav>
    <a
      href="/"
      onClick={[Function]}
    >
      home
    </a>
     
    <a
      href="/list"
      onClick={[Function]}
    >
      list
    </a>
  </nav>
</div>
`;
